WARN Skipping file for readchar: readchar-0.2-test1.linux-i686.tar.gz
WARN Skipping file for readchar: readchar-0.2-test1.tar.gz
WARN Skipping file for readchar: readchar-0.2-test2.linux-i686.tar.gz
WARN Skipping file for readchar: readchar-0.2-test2.tar.gz
WARN Skipping file for readchar: readchar-0.2.linux-i686.tar.gz
WARN Skipping file for pyyaml: PyYAML-3.10.win32-py2.5.exe
WARN Skipping file for pyyaml: PyYAML-3.10.win32-py2.6.exe
WARN Skipping file for pyyaml: PyYAML-3.10.win32-py2.7.exe
WARN Skipping file for pyyaml: PyYAML-3.10.win32-py3.0.exe
WARN Skipping file for pyyaml: PyYAML-3.10.win32-py3.1.exe
WARN Skipping file for pyyaml: PyYAML-3.10.win32-py3.2.exe
WARN Skipping file for pyyaml: PyYAML-3.11.win-amd64-py2.6.exe
WARN Skipping file for pyyaml: PyYAML-3.11.win-amd64-py2.7.exe
WARN Skipping file for pyyaml: PyYAML-3.11.win-amd64-py3.1.exe
WARN Skipping file for pyyaml: PyYAML-3.11.win-amd64-py3.2.exe
WARN Skipping file for pyyaml: PyYAML-3.11.win-amd64-py3.3.exe
WARN Skipping file for pyyaml: PyYAML-3.11.win-amd64-py3.4.exe
WARN Skipping file for pyyaml: PyYAML-3.11.win32-py2.6.exe
WARN Skipping file for pyyaml: PyYAML-3.11.win32-py2.7.exe
WARN Skipping file for pyyaml: PyYAML-3.11.win32-py3.1.exe
WARN Skipping file for pyyaml: PyYAML-3.11.win32-py3.2.exe
WARN Skipping file for pyyaml: PyYAML-3.11.win32-py3.3.exe
WARN Skipping file for pyyaml: PyYAML-3.11.win32-py3.4.exe
WARN Skipping file for pyyaml: PyYAML-3.12.win-amd64-py2.7.exe
WARN Skipping file for pyyaml: PyYAML-3.12.win-amd64-py3.4.exe
WARN Skipping file for pyyaml: PyYAML-3.12.win-amd64-py3.5.exe
WARN Skipping file for pyyaml: PyYAML-3.12.win32-py2.7.exe
WARN Skipping file for pyyaml: PyYAML-3.12.win32-py3.4.exe
WARN Skipping file for pyyaml: PyYAML-3.12.win32-py3.5.exe
WARN Skipping file for pyyaml: PyYAML-4.2b4.win-amd64-py2.7.exe
WARN Skipping file for pyyaml: PyYAML-4.2b4.win-amd64-py3.4.exe
WARN Skipping file for pyyaml: PyYAML-4.2b4.win32-py2.7.exe
WARN Skipping file for pyyaml: PyYAML-4.2b4.win32-py3.4.exe
WARN Fixing invalid version specifier by removing stray quotes (before: `>= '2.7'`; after: `>= 2.7`)
WARN Fixing invalid version specifier by removing stray quotes (before: `>= '2.7'`; after: `>= 2.7`)
WARN Skipping file for pygments: Pygments-0.10-py2.3.egg
WARN Skipping file for pygments: Pygments-0.10-py2.4.egg
WARN Skipping file for pygments: Pygments-0.10-py2.5.egg
WARN Skipping file for pygments: Pygments-0.11-py2.3.egg
WARN Skipping file for pygments: Pygments-0.11-py2.4.egg
WARN Skipping file for pygments: Pygments-0.11-py2.5.egg
WARN Skipping file for pygments: Pygments-0.11.1-py2.3.egg
WARN Skipping file for pygments: Pygments-0.11.1-py2.4.egg
WARN Skipping file for pygments: Pygments-0.11.1-py2.5.egg
WARN Skipping file for pygments: Pygments-0.5-py2.3.egg
WARN Skipping file for pygments: Pygments-0.5-py2.4.egg
WARN Skipping file for pygments: Pygments-0.5-py2.5.egg
WARN Skipping file for pygments: Pygments-0.5.1-py2.3.egg
WARN Skipping file for pygments: Pygments-0.5.1-py2.4.egg
WARN Skipping file for pygments: Pygments-0.5.1-py2.5.egg
WARN Skipping file for pygments: Pygments-0.6-py2.3.egg
WARN Skipping file for pygments: Pygments-0.6-py2.4.egg
WARN Skipping file for pygments: Pygments-0.6-py2.5.egg
WARN Skipping file for pygments: Pygments-0.7-py2.3.egg
WARN Skipping file for pygments: Pygments-0.7-py2.4.egg
WARN Skipping file for pygments: Pygments-0.7-py2.5.egg
WARN Skipping file for pygments: Pygments-0.7.1-py2.3.egg
WARN Skipping file for pygments: Pygments-0.7.1-py2.4.egg
WARN Skipping file for pygments: Pygments-0.7.1-py2.5.egg
WARN Skipping file for pygments: Pygments-0.8-py2.3.egg
WARN Skipping file for pygments: Pygments-0.8-py2.4.egg
WARN Skipping file for pygments: Pygments-0.8-py2.5.egg
WARN Skipping file for pygments: Pygments-0.8.1-py2.3.egg
WARN Skipping file for pygments: Pygments-0.8.1-py2.4.egg
WARN Skipping file for pygments: Pygments-0.8.1-py2.5.egg
WARN Skipping file for pygments: Pygments-0.9-py2.3.egg
WARN Skipping file for pygments: Pygments-0.9-py2.4.egg
WARN Skipping file for pygments: Pygments-0.9-py2.5.egg
WARN Skipping file for pygments: Pygments-1.0-py2.3.egg
WARN Skipping file for pygments: Pygments-1.0-py2.4.egg
WARN Skipping file for pygments: Pygments-1.0-py2.5.egg
WARN Skipping file for pygments: Pygments-1.0-py2.6.egg
WARN Skipping file for pygments: Pygments-1.1-py2.4.egg
WARN Skipping file for pygments: Pygments-1.1-py2.5.egg
WARN Skipping file for pygments: Pygments-1.1-py2.6.egg
WARN Skipping file for pygments: Pygments-1.1.1-py2.4.egg
WARN Skipping file for pygments: Pygments-1.1.1-py2.5.egg
WARN Skipping file for pygments: Pygments-1.1.1-py2.6.egg
WARN Skipping file for pygments: Pygments-1.2-py2.4.egg
WARN Skipping file for pygments: Pygments-1.2-py2.5.egg
WARN Skipping file for pygments: Pygments-1.2-py2.6.egg
WARN Skipping file for pygments: Pygments-1.2.1-py2.4.egg
WARN Skipping file for pygments: Pygments-1.2.1-py2.5.egg
WARN Skipping file for pygments: Pygments-1.2.1-py2.6.egg
WARN Skipping file for pygments: Pygments-1.2.2-py2.4.egg
WARN Skipping file for pygments: Pygments-1.2.2-py2.5.egg
WARN Skipping file for pygments: Pygments-1.2.2-py2.6.egg
WARN Skipping file for pygments: Pygments-1.3-py2.4.egg
WARN Skipping file for pygments: Pygments-1.3-py2.5.egg
WARN Skipping file for pygments: Pygments-1.3-py2.6.egg
WARN Skipping file for pygments: Pygments-1.3.1-py2.4.egg
WARN Skipping file for pygments: Pygments-1.3.1-py2.5.egg
WARN Skipping file for pygments: Pygments-1.3.1-py2.6.egg
WARN Skipping file for pygments: Pygments-1.4-py2.4.egg
WARN Skipping file for pygments: Pygments-1.4-py2.5.egg
WARN Skipping file for pygments: Pygments-1.4-py2.6.egg
WARN Skipping file for pygments: Pygments-1.4-py2.7.egg
WARN Skipping file for pygments: Pygments-1.5-py2.6.egg
WARN Skipping file for pygments: Pygments-1.5-py2.7.egg
WARN Skipping file for pygments: Pygments-1.6-py2.6.egg
WARN Skipping file for pygments: Pygments-1.6-py2.7.egg
WARN Skipping file for pygments: Pygments-1.6rc1-py2.6.egg
WARN Skipping file for pygments: Pygments-1.6rc1-py2.7.egg
   Updating https://github.com/github/spec-kit.git (v1.0.11)
Downloading pygments (1.2MiB)
 Downloading pygments
    Updated https://github.com/github/spec-kit.git (8147943512404afb9d99c6252cb9bf84369fd0b0)
   Building specify-cli @ git+https://github.com/github/spec-kit.git@8147943512404afb9d99c6252cb9bf84369fd0b0
      Built specify-cli @ git+https://github.com/github/spec-kit.git@8147943512404afb9d99c6252cb9bf84369fd0b0
Installed 14 packages in 21ms
              ███████╗██████╗ ███████╗ ██████╗██╗███████╗██╗   ██╗              
              ██╔════╝██╔══██╗██╔════╝██╔════╝██║██╔════╝╚██╗ ██╔╝              
              ███████╗██████╔╝█████╗  ██║     ██║█████╗   ╚████╔╝               
              ╚════██║██╔═══╝ ██╔══╝  ██║     ██║██╔══╝    ╚██╔╝                
              ███████║██║     ███████╗╚██████╗██║██║        ██║                 
              ╚══════╝╚═╝     ╚══════╝ ╚═════╝╚═╝╚═╝        ╚═╝                 
                                                                                
               GitHub Spec Kit - Spec-Driven Development Toolkit                

                                                                                
 Usage: specify [OPTIONS] COMMAND [ARGS]...                                     
                                                                                
 Setup tool for Specify spec-driven development projects                        
                                                                                
╭─ Options ────────────────────────────────────────────────────────────────────╮
│ --version  -V        Show version and exit.                                  │
│ --help               Show this message and exit.                             │
╰──────────────────────────────────────────────────────────────────────────────╯
╭─ Commands ───────────────────────────────────────────────────────────────────╮
│ init         Initialize a new Specify project.                               │
│ check        Check that all required tools are installed.                    │
│ version      Display version and system information.                         │
│ self         Manage the specify CLI itself: check for newer releases,        │
│              preview upgrades with --dry-run, and upgrade in place.          │
│ extension    Manage spec-kit extensions                                      │
│ integration  Manage coding agent integrations                                │
│ event        Manage and execute event-driven commands                        │
│ preset       Manage spec-kit presets                                         │
│ artifact     Introspect commands, templates, scripts, and hooks Spec Kit     │
│              exposes.                                                        │
│ bundle       Discover, install, and author Spec Kit bundles                  │
│ workflow     Manage and run automation workflows                             │
╰──────────────────────────────────────────────────────────────────────────────╯

